// Jest Snapshot v1, https://goo.gl/fbAQLP

exports[`should Render AddExpensePage correctly 1`] = `
<div>
  <h4>
    Add Expense
  </h4>
  <ExpenseForm
    onSubmit={[Function]}
  />
</div>
`;
