// Jest Snapshot v1, https://goo.gl/fbAQLP

exports[`should Render Dashboard Page 1`] = `
<div>
  <p>
    Dashboard.
  </p>
  <Connect(ExpensesSummary) />
  <Connect(ExpenseListFilters) />
  <Connect(ExpenseList) />
</div>
`;
