// Jest Snapshot v1, https://goo.gl/fbAQLP

exports[`should Render the LoginPage correctly 1`] = `
<div
  className="box-layout"
>
  <div
    className="box-layout__box"
  >
    <h1
      className="box-layout__title"
    >
      Boilerplate React v2
    </h1>
    <p>
      This is the sub-title.
    </p>
    <button
      className="button"
      onClick={[Function]}
    >
      Login with Google
    </button>
  </div>
</div>
`;
